[2025-01-10T11:30:50.366+0100][gc,heap] Heap region size: 1M
[2025-01-10T11:30:50.383+0100][gc     ] Using G1
[2025-01-10T11:30:50.383+0100][gc,heap,coops] Heap address: 0x00000000c0000000, size: 1024 MB, Compressed Oops mode: 32-bit
[2025-01-10T11:30:50.384+0100][gc,cds       ] Mark closed archive regions in map: [0x00000000fff00000, 0x00000000fff6bff8]
[2025-01-10T11:30:50.384+0100][gc,cds       ] Mark open archive regions in map: [0x00000000ffe00000, 0x00000000ffe47ff8]
[2025-01-10T11:30:55.543+0100][gc,start     ] GC(0) Pause Young (Normal) (G1 Evacuation Pause)
[2025-01-10T11:30:55.546+0100][gc,task      ] GC(0) Using 8 workers of 8 for evacuation
[2025-01-10T11:30:55.565+0100][gc,phases    ] GC(0)   Pre Evacuate Collection Set: 0.2ms
[2025-01-10T11:30:55.565+0100][gc,phases    ] GC(0)   Evacuate Collection Set: 16.5ms
[2025-01-10T11:30:55.566+0100][gc,phases    ] GC(0)   Post Evacuate Collection Set: 1.1ms
[2025-01-10T11:30:55.566+0100][gc,phases    ] GC(0)   Other: 4.4ms
[2025-01-10T11:30:55.567+0100][gc,heap      ] GC(0) Eden regions: 51->0(44)
[2025-01-10T11:30:55.567+0100][gc,heap      ] GC(0) Survivor regions: 0->7(7)
[2025-01-10T11:30:55.567+0100][gc,heap      ] GC(0) Old regions: 2->3
[2025-01-10T11:30:55.568+0100][gc,heap      ] GC(0) Humongous regions: 0->0
[2025-01-10T11:30:55.568+0100][gc,metaspace ] GC(0) Metaspace: 13026K(13696K)->13026K(13696K) NonClass: 11383K(11776K)->11383K(11776K) Class: 1643K(1920K)->1643K(1920K)
[2025-01-10T11:30:55.568+0100][gc           ] GC(0) Pause Young (Normal) (G1 Evacuation Pause) 51M->8M(1024M) 25.611ms
[2025-01-10T11:30:55.569+0100][gc,cpu       ] GC(0) User=0.06s Sys=0.07s Real=0.02s
[2025-01-10T11:30:57.272+0100][gc,start     ] GC(1) Pause Young (Concurrent Start) (Metadata GC Threshold)
[2025-01-10T11:30:57.272+0100][gc,task      ] GC(1) Using 8 workers of 8 for evacuation
[2025-01-10T11:30:57.284+0100][gc,phases    ] GC(1)   Pre Evacuate Collection Set: 0.1ms
[2025-01-10T11:30:57.284+0100][gc,phases    ] GC(1)   Evacuate Collection Set: 10.1ms
[2025-01-10T11:30:57.284+0100][gc,phases    ] GC(1)   Post Evacuate Collection Set: 0.7ms
[2025-01-10T11:30:57.285+0100][gc,phases    ] GC(1)   Other: 0.9ms
[2025-01-10T11:30:57.285+0100][gc,heap      ] GC(1) Eden regions: 37->0(49)
[2025-01-10T11:30:57.285+0100][gc,heap      ] GC(1) Survivor regions: 7->2(7)
[2025-01-10T11:30:57.286+0100][gc,heap      ] GC(1) Old regions: 3->10
[2025-01-10T11:30:57.286+0100][gc,heap      ] GC(1) Humongous regions: 0->0
[2025-01-10T11:30:57.286+0100][gc,metaspace ] GC(1) Metaspace: 20580K(21248K)->20580K(21248K) NonClass: 18051K(18432K)->18051K(18432K) Class: 2529K(2816K)->2529K(2816K)
[2025-01-10T11:30:57.287+0100][gc           ] GC(1) Pause Young (Concurrent Start) (Metadata GC Threshold) 45M->9M(1024M) 14.742ms
[2025-01-10T11:30:57.287+0100][gc,cpu       ] GC(1) User=0.05s Sys=0.00s Real=0.01s
[2025-01-10T11:30:57.287+0100][gc           ] GC(2) Concurrent Cycle
[2025-01-10T11:30:57.288+0100][gc,marking   ] GC(2) Concurrent Clear Claimed Marks
[2025-01-10T11:30:57.288+0100][gc,marking   ] GC(2) Concurrent Clear Claimed Marks 0.563ms
[2025-01-10T11:30:57.289+0100][gc,marking   ] GC(2) Concurrent Scan Root Regions
[2025-01-10T11:30:57.290+0100][gc,marking   ] GC(2) Concurrent Scan Root Regions 1.710ms
[2025-01-10T11:30:57.291+0100][gc,marking   ] GC(2) Concurrent Mark (6.937s)
[2025-01-10T11:30:57.291+0100][gc,marking   ] GC(2) Concurrent Mark From Roots
[2025-01-10T11:30:57.291+0100][gc,task      ] GC(2) Using 2 workers of 2 for marking
[2025-01-10T11:30:57.300+0100][gc,marking   ] GC(2) Concurrent Mark From Roots 8.730ms
[2025-01-10T11:30:57.300+0100][gc,marking   ] GC(2) Concurrent Preclean
[2025-01-10T11:30:57.301+0100][gc,marking   ] GC(2) Concurrent Preclean 0.585ms
[2025-01-10T11:30:57.301+0100][gc,marking   ] GC(2) Concurrent Mark (6.937s, 6.947s) 10.287ms
[2025-01-10T11:30:57.301+0100][gc,start     ] GC(2) Pause Remark
[2025-01-10T11:30:57.304+0100][gc,stringtable] GC(2) Cleaned string and symbol table, strings: 5851 processed, 0 removed, symbols: 54544 processed, 48 removed
[2025-01-10T11:30:57.305+0100][gc            ] GC(2) Pause Remark 10M->10M(1024M) 3.641ms
[2025-01-10T11:30:57.305+0100][gc,cpu        ] GC(2) User=0.01s Sys=0.00s Real=0.00s
[2025-01-10T11:30:57.306+0100][gc,marking    ] GC(2) Concurrent Rebuild Remembered Sets
[2025-01-10T11:30:57.309+0100][gc,marking    ] GC(2) Concurrent Rebuild Remembered Sets 3.303ms
[2025-01-10T11:30:57.310+0100][gc,start      ] GC(2) Pause Cleanup
[2025-01-10T11:30:57.310+0100][gc            ] GC(2) Pause Cleanup 10M->10M(1024M) 0.563ms
[2025-01-10T11:30:57.311+0100][gc,cpu        ] GC(2) User=0.00s Sys=0.00s Real=0.00s
[2025-01-10T11:30:57.311+0100][gc,marking    ] GC(2) Concurrent Cleanup for Next Mark
[2025-01-10T11:30:57.321+0100][gc,marking    ] GC(2) Concurrent Cleanup for Next Mark 10.093ms
[2025-01-10T11:30:57.321+0100][gc            ] GC(2) Concurrent Cycle 34.147ms
[2025-01-10T11:30:59.598+0100][gc,start      ] GC(3) Pause Young (Normal) (G1 Evacuation Pause)
[2025-01-10T11:30:59.599+0100][gc,task       ] GC(3) Using 8 workers of 8 for evacuation
[2025-01-10T11:30:59.603+0100][gc,phases     ] GC(3)   Pre Evacuate Collection Set: 0.1ms
[2025-01-10T11:30:59.604+0100][gc,phases     ] GC(3)   Evacuate Collection Set: 2.7ms
[2025-01-10T11:30:59.604+0100][gc,phases     ] GC(3)   Post Evacuate Collection Set: 1.0ms
[2025-01-10T11:30:59.604+0100][gc,phases     ] GC(3)   Other: 1.1ms
[2025-01-10T11:30:59.605+0100][gc,heap       ] GC(3) Eden regions: 49->0(47)
[2025-01-10T11:30:59.605+0100][gc,heap       ] GC(3) Survivor regions: 2->4(7)
[2025-01-10T11:30:59.606+0100][gc,heap       ] GC(3) Old regions: 10->10
[2025-01-10T11:30:59.606+0100][gc,heap       ] GC(3) Humongous regions: 129->129
[2025-01-10T11:30:59.606+0100][gc,metaspace  ] GC(3) Metaspace: 29124K(30336K)->29124K(30336K) NonClass: 25830K(26624K)->25830K(26624K) Class: 3293K(3712K)->3293K(3712K)
[2025-01-10T11:30:59.607+0100][gc            ] GC(3) Pause Young (Normal) (G1 Evacuation Pause) 187M->140M(1024M) 8.526ms
[2025-01-10T11:30:59.607+0100][gc,cpu        ] GC(3) User=0.01s Sys=0.00s Real=0.01s
[2025-01-10T11:31:00.590+0100][gc,start      ] GC(4) Pause Young (Concurrent Start) (Metadata GC Threshold)
[2025-01-10T11:31:00.591+0100][gc,task       ] GC(4) Using 8 workers of 8 for evacuation
[2025-01-10T11:31:00.609+0100][gc,phases     ] GC(4)   Pre Evacuate Collection Set: 0.3ms
[2025-01-10T11:31:00.609+0100][gc,phases     ] GC(4)   Evacuate Collection Set: 14.8ms
[2025-01-10T11:31:00.610+0100][gc,phases     ] GC(4)   Post Evacuate Collection Set: 1.1ms
[2025-01-10T11:31:00.610+0100][gc,phases     ] GC(4)   Other: 2.8ms
[2025-01-10T11:31:00.611+0100][gc,heap       ] GC(4) Eden regions: 37->0(44)
[2025-01-10T11:31:00.611+0100][gc,heap       ] GC(4) Survivor regions: 4->7(7)
[2025-01-10T11:31:00.611+0100][gc,heap       ] GC(4) Old regions: 10->10
[2025-01-10T11:31:00.612+0100][gc,heap       ] GC(4) Humongous regions: 129->129
[2025-01-10T11:31:00.612+0100][gc,metaspace  ] GC(4) Metaspace: 34561K(35840K)->34561K(35840K) NonClass: 30637K(31360K)->30637K(31360K) Class: 3923K(4480K)->3923K(4480K)
[2025-01-10T11:31:00.613+0100][gc            ] GC(4) Pause Young (Concurrent Start) (Metadata GC Threshold) 177M->144M(1024M) 22.769ms
[2025-01-10T11:31:00.613+0100][gc,cpu        ] GC(4) User=0.10s Sys=0.00s Real=0.02s
[2025-01-10T11:31:00.613+0100][gc            ] GC(5) Concurrent Cycle
[2025-01-10T11:31:00.614+0100][gc,marking    ] GC(5) Concurrent Clear Claimed Marks
[2025-01-10T11:31:00.614+0100][gc,marking    ] GC(5) Concurrent Clear Claimed Marks 0.726ms
[2025-01-10T11:31:00.615+0100][gc,marking    ] GC(5) Concurrent Scan Root Regions
[2025-01-10T11:31:00.621+0100][gc,marking    ] GC(5) Concurrent Scan Root Regions 6.215ms
[2025-01-10T11:31:00.622+0100][gc,marking    ] GC(5) Concurrent Mark (10.269s)
[2025-01-10T11:31:00.623+0100][gc,marking    ] GC(5) Concurrent Mark From Roots
[2025-01-10T11:31:00.625+0100][gc,task       ] GC(5) Using 2 workers of 2 for marking
[2025-01-10T11:31:00.643+0100][gc,marking    ] GC(5) Concurrent Mark From Roots 19.539ms
[2025-01-10T11:31:00.644+0100][gc,marking    ] GC(5) Concurrent Preclean
[2025-01-10T11:31:00.645+0100][gc,marking    ] GC(5) Concurrent Preclean 1.357ms
[2025-01-10T11:31:00.646+0100][gc,marking    ] GC(5) Concurrent Mark (10.269s, 10.293s) 23.996ms
[2025-01-10T11:31:00.648+0100][gc,start      ] GC(5) Pause Remark
[2025-01-10T11:31:00.653+0100][gc,stringtable] GC(5) Cleaned string and symbol table, strings: 11775 processed, 10 removed, symbols: 87209 processed, 15 removed
[2025-01-10T11:31:00.654+0100][gc            ] GC(5) Pause Remark 145M->145M(1024M) 6.347ms
[2025-01-10T11:31:00.655+0100][gc,cpu        ] GC(5) User=0.03s Sys=0.00s Real=0.01s
[2025-01-10T11:31:00.655+0100][gc,marking    ] GC(5) Concurrent Rebuild Remembered Sets
[2025-01-10T11:31:00.662+0100][gc,marking    ] GC(5) Concurrent Rebuild Remembered Sets 6.413ms
[2025-01-10T11:31:00.663+0100][gc,start      ] GC(5) Pause Cleanup
[2025-01-10T11:31:00.664+0100][gc            ] GC(5) Pause Cleanup 145M->145M(1024M) 0.936ms
[2025-01-10T11:31:00.665+0100][gc,cpu        ] GC(5) User=0.00s Sys=0.00s Real=0.00s
[2025-01-10T11:31:00.665+0100][gc,marking    ] GC(5) Concurrent Cleanup for Next Mark
[2025-01-10T11:31:00.689+0100][gc,marking    ] GC(5) Concurrent Cleanup for Next Mark 23.992ms
[2025-01-10T11:31:00.690+0100][gc            ] GC(5) Concurrent Cycle 76.255ms
[2025-01-10T14:22:10.731+0100][gc,start      ] GC(6) Pause Young (Normal) (G1 Evacuation Pause)
[2025-01-10T14:22:10.746+0100][gc,task       ] GC(6) Using 8 workers of 8 for evacuation
[2025-01-10T14:22:11.077+0100][gc,mmu        ] GC(6) MMU target violated: 21.0ms (20.0ms/21.0ms)
[2025-01-10T14:22:11.080+0100][gc,phases     ] GC(6)   Pre Evacuate Collection Set: 32.7ms
[2025-01-10T14:22:11.082+0100][gc,phases     ] GC(6)   Evacuate Collection Set: 262.1ms
[2025-01-10T14:22:11.086+0100][gc,phases     ] GC(6)   Post Evacuate Collection Set: 11.4ms
[2025-01-10T14:22:11.088+0100][gc,phases     ] GC(6)   Other: 58.7ms
[2025-01-10T14:22:11.090+0100][gc,heap       ] GC(6) Eden regions: 44->0(46)
[2025-01-10T14:22:11.092+0100][gc,heap       ] GC(6) Survivor regions: 7->5(7)
[2025-01-10T14:22:11.094+0100][gc,heap       ] GC(6) Old regions: 10->13
[2025-01-10T14:22:11.095+0100][gc,heap       ] GC(6) Humongous regions: 129->129
[2025-01-10T14:22:11.097+0100][gc,metaspace  ] GC(6) Metaspace: 39128K(40960K)->39128K(40960K) NonClass: 34523K(35584K)->34523K(35584K) Class: 4604K(5376K)->4604K(5376K)
[2025-01-10T14:22:11.099+0100][gc            ] GC(6) Pause Young (Normal) (G1 Evacuation Pause) 188M->145M(1024M) 370.242ms
[2025-01-10T14:22:11.101+0100][gc,cpu        ] GC(6) User=2.13s Sys=0.00s Real=0.37s
[2025-01-10T20:53:35.686+0100][gc,start      ] GC(7) Pause Young (Normal) (G1 Evacuation Pause)
[2025-01-10T20:53:35.694+0100][gc,task       ] GC(7) Using 8 workers of 8 for evacuation
[2025-01-10T20:53:35.866+0100][gc,mmu        ] GC(7) MMU target violated: 21.0ms (20.0ms/21.0ms)
[2025-01-10T20:53:35.870+0100][gc,phases     ] GC(7)   Pre Evacuate Collection Set: 37.3ms
[2025-01-10T20:53:35.872+0100][gc,phases     ] GC(7)   Evacuate Collection Set: 113.2ms
[2025-01-10T20:53:35.874+0100][gc,phases     ] GC(7)   Post Evacuate Collection Set: 10.9ms
[2025-01-10T20:53:35.876+0100][gc,phases     ] GC(7)   Other: 29.0ms
[2025-01-10T20:53:35.878+0100][gc,heap       ] GC(7) Eden regions: 46->0(49)
[2025-01-10T20:53:35.879+0100][gc,heap       ] GC(7) Survivor regions: 5->2(7)
[2025-01-10T20:53:35.881+0100][gc,heap       ] GC(7) Old regions: 13->17
[2025-01-10T20:53:35.883+0100][gc,heap       ] GC(7) Humongous regions: 129->129
[2025-01-10T20:53:35.886+0100][gc,metaspace  ] GC(7) Metaspace: 39467K(41216K)->39467K(41216K) NonClass: 34857K(35840K)->34857K(35840K) Class: 4610K(5376K)->4610K(5376K)
[2025-01-10T20:53:35.888+0100][gc            ] GC(7) Pause Young (Normal) (G1 Evacuation Pause) 191M->145M(1024M) 201.586ms
[2025-01-10T20:53:35.890+0100][gc,cpu        ] GC(7) User=0.94s Sys=0.00s Real=0.20s
[2025-01-11T11:44:47.177+0100][gc,start      ] GC(8) Pause Young (Normal) (G1 Evacuation Pause)
[2025-01-11T11:44:47.188+0100][gc,task       ] GC(8) Using 8 workers of 8 for evacuation
[2025-01-11T11:44:47.335+0100][gc,mmu        ] GC(8) MMU target violated: 21.0ms (20.0ms/21.0ms)
[2025-01-11T11:44:47.337+0100][gc,phases     ] GC(8)   Pre Evacuate Collection Set: 23.0ms
[2025-01-11T11:44:47.339+0100][gc,phases     ] GC(8)   Evacuate Collection Set: 100.2ms
[2025-01-11T11:44:47.341+0100][gc,phases     ] GC(8)   Post Evacuate Collection Set: 10.8ms
[2025-01-11T11:44:47.343+0100][gc,phases     ] GC(8)   Other: 34.9ms
[2025-01-11T11:44:47.345+0100][gc,heap       ] GC(8) Eden regions: 49->0(49)
[2025-01-11T11:44:47.347+0100][gc,heap       ] GC(8) Survivor regions: 2->2(7)
[2025-01-11T11:44:47.348+0100][gc,heap       ] GC(8) Old regions: 17->17
[2025-01-11T11:44:47.350+0100][gc,heap       ] GC(8) Humongous regions: 129->129
[2025-01-11T11:44:47.351+0100][gc,metaspace  ] GC(8) Metaspace: 39542K(41216K)->39542K(41216K) NonClass: 34931K(35840K)->34931K(35840K) Class: 4610K(5376K)->4610K(5376K)
[2025-01-11T11:44:47.353+0100][gc            ] GC(8) Pause Young (Normal) (G1 Evacuation Pause) 194M->144M(1024M) 176.888ms
[2025-01-11T11:44:47.355+0100][gc,cpu        ] GC(8) User=0.86s Sys=0.00s Real=0.17s
[2025-01-11T14:18:32.946+0100][gc,start      ] GC(9) Pause Young (Normal) (G1 Evacuation Pause)
[2025-01-11T14:18:32.953+0100][gc,task       ] GC(9) Using 8 workers of 8 for evacuation
[2025-01-11T14:18:33.031+0100][gc,mmu        ] GC(9) MMU target violated: 21.0ms (20.0ms/21.0ms)
[2025-01-11T14:18:33.035+0100][gc,phases     ] GC(9)   Pre Evacuate Collection Set: 25.5ms
[2025-01-11T14:18:33.037+0100][gc,phases     ] GC(9)   Evacuate Collection Set: 36.2ms
[2025-01-11T14:18:33.040+0100][gc,phases     ] GC(9)   Post Evacuate Collection Set: 7.8ms
[2025-01-11T14:18:33.041+0100][gc,phases     ] GC(9)   Other: 25.8ms
[2025-01-11T14:18:33.043+0100][gc,heap       ] GC(9) Eden regions: 49->0(50)
[2025-01-11T14:18:33.045+0100][gc,heap       ] GC(9) Survivor regions: 2->1(7)
[2025-01-11T14:18:33.046+0100][gc,heap       ] GC(9) Old regions: 17->17
[2025-01-11T14:18:33.048+0100][gc,heap       ] GC(9) Humongous regions: 129->129
[2025-01-11T14:18:33.050+0100][gc,metaspace  ] GC(9) Metaspace: 39564K(41216K)->39564K(41216K) NonClass: 34953K(35840K)->34953K(35840K) Class: 4610K(5376K)->4610K(5376K)
[2025-01-11T14:18:33.052+0100][gc            ] GC(9) Pause Young (Normal) (G1 Evacuation Pause) 193M->144M(1024M) 107.098ms
[2025-01-11T14:18:33.053+0100][gc,cpu        ] GC(9) User=0.36s Sys=0.00s Real=0.11s
[2025-01-11T15:09:59.955+0100][gc,heap,exit  ] Heap
[2025-01-11T15:09:59.957+0100][gc,heap,exit  ]  garbage-first heap   total 1048576K, used 164708K [0x00000000c0000000, 0x0000000100000000)
[2025-01-11T15:09:59.958+0100][gc,heap,exit  ]   region size 1024K, 18 young (18432K), 1 survivors (1024K)
[2025-01-11T15:09:59.958+0100][gc,heap,exit  ]  Metaspace       used 40691K, capacity 42549K, committed 42624K, reserved 1085440K
[2025-01-11T15:09:59.959+0100][gc,heap,exit  ]   class space    used 4848K, capacity 5728K, committed 5760K, reserved 1048576K
