[2025-01-15T22:38:41.440+0100][gc,heap] Heap region size: 1M
[2025-01-15T22:38:41.466+0100][gc     ] Using G1
[2025-01-15T22:38:41.468+0100][gc,heap,coops] Heap address: 0x00000000c0000000, size: 1024 MB, Compressed Oops mode: 32-bit
[2025-01-15T22:38:41.470+0100][gc,cds       ] Mark closed archive regions in map: [0x00000000fff00000, 0x00000000fff6bff8]
[2025-01-15T22:38:41.472+0100][gc,cds       ] Mark open archive regions in map: [0x00000000ffe00000, 0x00000000ffe47ff8]
[2025-01-15T22:38:50.258+0100][gc,start     ] GC(0) Pause Young (Normal) (G1 Evacuation Pause)
[2025-01-15T22:38:50.261+0100][gc,task      ] GC(0) Using 8 workers of 8 for evacuation
[2025-01-15T22:38:50.286+0100][gc,mmu       ] GC(0) MMU target violated: 21.0ms (20.0ms/21.0ms)
[2025-01-15T22:38:50.287+0100][gc,phases    ] GC(0)   Pre Evacuate Collection Set: 1.1ms
[2025-01-15T22:38:50.287+0100][gc,phases    ] GC(0)   Evacuate Collection Set: 22.1ms
[2025-01-15T22:38:50.287+0100][gc,phases    ] GC(0)   Post Evacuate Collection Set: 1.1ms
[2025-01-15T22:38:50.288+0100][gc,phases    ] GC(0)   Other: 4.0ms
[2025-01-15T22:38:50.288+0100][gc,heap      ] GC(0) Eden regions: 51->0(44)
[2025-01-15T22:38:50.288+0100][gc,heap      ] GC(0) Survivor regions: 0->7(7)
[2025-01-15T22:38:50.289+0100][gc,heap      ] GC(0) Old regions: 2->3
[2025-01-15T22:38:50.289+0100][gc,heap      ] GC(0) Humongous regions: 0->0
[2025-01-15T22:38:50.289+0100][gc,metaspace ] GC(0) Metaspace: 13062K(13696K)->13062K(13696K) NonClass: 11417K(11776K)->11417K(11776K) Class: 1645K(1920K)->1645K(1920K)
[2025-01-15T22:38:50.289+0100][gc           ] GC(0) Pause Young (Normal) (G1 Evacuation Pause) 51M->8M(1024M) 30.973ms
[2025-01-15T22:38:50.290+0100][gc,cpu       ] GC(0) User=0.12s Sys=0.06s Real=0.03s
[2025-01-15T22:38:52.182+0100][gc,start     ] GC(1) Pause Young (Concurrent Start) (Metadata GC Threshold)
[2025-01-15T22:38:52.182+0100][gc,task      ] GC(1) Using 8 workers of 8 for evacuation
[2025-01-15T22:38:52.196+0100][gc,phases    ] GC(1)   Pre Evacuate Collection Set: 0.1ms
[2025-01-15T22:38:52.196+0100][gc,phases    ] GC(1)   Evacuate Collection Set: 11.9ms
[2025-01-15T22:38:52.197+0100][gc,phases    ] GC(1)   Post Evacuate Collection Set: 1.0ms
[2025-01-15T22:38:52.197+0100][gc,phases    ] GC(1)   Other: 1.1ms
[2025-01-15T22:38:52.198+0100][gc,heap      ] GC(1) Eden regions: 37->0(49)
[2025-01-15T22:38:52.198+0100][gc,heap      ] GC(1) Survivor regions: 7->2(7)
[2025-01-15T22:38:52.199+0100][gc,heap      ] GC(1) Old regions: 3->10
[2025-01-15T22:38:52.199+0100][gc,heap      ] GC(1) Humongous regions: 0->0
[2025-01-15T22:38:52.200+0100][gc,metaspace ] GC(1) Metaspace: 20587K(21248K)->20587K(21248K) NonClass: 18060K(18432K)->18060K(18432K) Class: 2527K(2816K)->2527K(2816K)
[2025-01-15T22:38:52.200+0100][gc           ] GC(1) Pause Young (Concurrent Start) (Metadata GC Threshold) 44M->9M(1024M) 18.656ms
[2025-01-15T22:38:52.201+0100][gc,cpu       ] GC(1) User=0.07s Sys=0.01s Real=0.02s
[2025-01-15T22:38:52.201+0100][gc           ] GC(2) Concurrent Cycle
[2025-01-15T22:38:52.202+0100][gc,marking   ] GC(2) Concurrent Clear Claimed Marks
[2025-01-15T22:38:52.203+0100][gc,marking   ] GC(2) Concurrent Clear Claimed Marks 0.803ms
[2025-01-15T22:38:52.204+0100][gc,marking   ] GC(2) Concurrent Scan Root Regions
[2025-01-15T22:38:52.207+0100][gc,marking   ] GC(2) Concurrent Scan Root Regions 3.250ms
[2025-01-15T22:38:52.207+0100][gc,marking   ] GC(2) Concurrent Mark (10.907s)
[2025-01-15T22:38:52.208+0100][gc,marking   ] GC(2) Concurrent Mark From Roots
[2025-01-15T22:38:52.208+0100][gc,task      ] GC(2) Using 2 workers of 2 for marking
[2025-01-15T22:38:52.220+0100][gc,marking   ] GC(2) Concurrent Mark From Roots 12.524ms
[2025-01-15T22:38:52.221+0100][gc,marking   ] GC(2) Concurrent Preclean
[2025-01-15T22:38:52.222+0100][gc,marking   ] GC(2) Concurrent Preclean 1.009ms
[2025-01-15T22:38:52.222+0100][gc,marking   ] GC(2) Concurrent Mark (10.907s, 10.922s) 15.005ms
[2025-01-15T22:38:52.225+0100][gc,start     ] GC(2) Pause Remark
[2025-01-15T22:38:52.236+0100][gc,stringtable] GC(2) Cleaned string and symbol table, strings: 5823 processed, 0 removed, symbols: 54438 processed, 46 removed
[2025-01-15T22:38:52.238+0100][gc            ] GC(2) Pause Remark 10M->10M(1024M) 12.995ms
[2025-01-15T22:38:52.238+0100][gc,cpu        ] GC(2) User=0.04s Sys=0.01s Real=0.01s
[2025-01-15T22:38:52.239+0100][gc,marking    ] GC(2) Concurrent Rebuild Remembered Sets
[2025-01-15T22:38:52.244+0100][gc,marking    ] GC(2) Concurrent Rebuild Remembered Sets 5.669ms
[2025-01-15T22:38:52.245+0100][gc,start      ] GC(2) Pause Cleanup
[2025-01-15T22:38:52.247+0100][gc            ] GC(2) Pause Cleanup 11M->11M(1024M) 1.580ms
[2025-01-15T22:38:52.248+0100][gc,cpu        ] GC(2) User=0.00s Sys=0.00s Real=0.00s
[2025-01-15T22:38:52.248+0100][gc,marking    ] GC(2) Concurrent Cleanup for Next Mark
[2025-01-15T22:38:52.276+0100][gc,marking    ] GC(2) Concurrent Cleanup for Next Mark 27.829ms
[2025-01-15T22:38:52.277+0100][gc            ] GC(2) Concurrent Cycle 75.616ms
[2025-01-15T22:38:53.927+0100][gc,start      ] GC(3) Pause Young (Normal) (G1 Evacuation Pause)
[2025-01-15T22:38:53.927+0100][gc,task       ] GC(3) Using 8 workers of 8 for evacuation
[2025-01-15T22:38:53.932+0100][gc,phases     ] GC(3)   Pre Evacuate Collection Set: 0.1ms
[2025-01-15T22:38:53.932+0100][gc,phases     ] GC(3)   Evacuate Collection Set: 2.8ms
[2025-01-15T22:38:53.933+0100][gc,phases     ] GC(3)   Post Evacuate Collection Set: 0.9ms
[2025-01-15T22:38:53.933+0100][gc,phases     ] GC(3)   Other: 1.4ms
[2025-01-15T22:38:53.933+0100][gc,heap       ] GC(3) Eden regions: 49->0(48)
[2025-01-15T22:38:53.934+0100][gc,heap       ] GC(3) Survivor regions: 2->3(7)
[2025-01-15T22:38:53.934+0100][gc,heap       ] GC(3) Old regions: 10->10
[2025-01-15T22:38:53.934+0100][gc,heap       ] GC(3) Humongous regions: 129->129
[2025-01-15T22:38:53.935+0100][gc,metaspace  ] GC(3) Metaspace: 28946K(30208K)->28946K(30208K) NonClass: 25632K(26368K)->25632K(26368K) Class: 3313K(3840K)->3313K(3840K)
[2025-01-15T22:38:53.935+0100][gc            ] GC(3) Pause Young (Normal) (G1 Evacuation Pause) 187M->140M(1024M) 8.313ms
[2025-01-15T22:38:53.935+0100][gc,cpu        ] GC(3) User=0.02s Sys=0.00s Real=0.01s
[2025-01-15T22:38:55.543+0100][gc,heap,exit  ] Heap
[2025-01-15T22:38:55.544+0100][gc,heap,exit  ]  garbage-first heap   total 1048576K, used 176290K [0x00000000c0000000, 0x0000000100000000)
[2025-01-15T22:38:55.546+0100][gc,heap,exit  ]   region size 1024K, 37 young (37888K), 3 survivors (3072K)
[2025-01-15T22:38:55.548+0100][gc,heap,exit  ]  Metaspace       used 33034K, capacity 34258K, committed 34560K, reserved 1079296K
[2025-01-15T22:38:55.550+0100][gc,heap,exit  ]   class space    used 3938K, capacity 4496K, committed 4608K, reserved 1048576K
