[2025-01-10T11:34:09.284+0100][gc,heap] Heap region size: 1M
[2025-01-10T11:34:09.298+0100][gc     ] Using G1
[2025-01-10T11:34:09.299+0100][gc,heap,coops] Heap address: 0x00000000c0000000, size: 1024 MB, Compressed Oops mode: 32-bit
[2025-01-10T11:34:09.299+0100][gc,cds       ] Mark closed archive regions in map: [0x00000000fff00000, 0x00000000fff6bff8]
[2025-01-10T11:34:09.300+0100][gc,cds       ] Mark open archive regions in map: [0x00000000ffe00000, 0x00000000ffe47ff8]
[2025-01-10T11:34:12.452+0100][gc,start     ] GC(0) Pause Young (Normal) (G1 Evacuation Pause)
[2025-01-10T11:34:12.454+0100][gc,task      ] GC(0) Using 8 workers of 8 for evacuation
[2025-01-10T11:34:12.474+0100][gc,phases    ] GC(0)   Pre Evacuate Collection Set: 0.1ms
[2025-01-10T11:34:12.474+0100][gc,phases    ] GC(0)   Evacuate Collection Set: 17.9ms
[2025-01-10T11:34:12.475+0100][gc,phases    ] GC(0)   Post Evacuate Collection Set: 1.0ms
[2025-01-10T11:34:12.475+0100][gc,phases    ] GC(0)   Other: 2.5ms
[2025-01-10T11:34:12.476+0100][gc,heap      ] GC(0) Eden regions: 51->0(44)
[2025-01-10T11:34:12.476+0100][gc,heap      ] GC(0) Survivor regions: 0->7(7)
[2025-01-10T11:34:12.477+0100][gc,heap      ] GC(0) Old regions: 2->3
[2025-01-10T11:34:12.477+0100][gc,heap      ] GC(0) Humongous regions: 0->0
[2025-01-10T11:34:12.477+0100][gc,metaspace ] GC(0) Metaspace: 13050K(13696K)->13050K(13696K) NonClass: 11406K(11776K)->11406K(11776K) Class: 1644K(1920K)->1644K(1920K)
[2025-01-10T11:34:12.478+0100][gc           ] GC(0) Pause Young (Normal) (G1 Evacuation Pause) 51M->8M(1024M) 25.612ms
[2025-01-10T11:34:12.478+0100][gc,cpu       ] GC(0) User=0.07s Sys=0.07s Real=0.02s
[2025-01-10T11:34:13.836+0100][gc,start     ] GC(1) Pause Young (Concurrent Start) (Metadata GC Threshold)
[2025-01-10T11:34:13.837+0100][gc,task      ] GC(1) Using 8 workers of 8 for evacuation
[2025-01-10T11:34:13.851+0100][gc,phases    ] GC(1)   Pre Evacuate Collection Set: 0.1ms
[2025-01-10T11:34:13.851+0100][gc,phases    ] GC(1)   Evacuate Collection Set: 12.4ms
[2025-01-10T11:34:13.852+0100][gc,phases    ] GC(1)   Post Evacuate Collection Set: 1.2ms
[2025-01-10T11:34:13.852+0100][gc,phases    ] GC(1)   Other: 1.1ms
[2025-01-10T11:34:13.852+0100][gc,heap      ] GC(1) Eden regions: 37->0(49)
[2025-01-10T11:34:13.852+0100][gc,heap      ] GC(1) Survivor regions: 7->2(7)
[2025-01-10T11:34:13.853+0100][gc,heap      ] GC(1) Old regions: 3->11
[2025-01-10T11:34:13.853+0100][gc,heap      ] GC(1) Humongous regions: 0->0
[2025-01-10T11:34:13.853+0100][gc,metaspace ] GC(1) Metaspace: 20559K(21248K)->20559K(21248K) NonClass: 18035K(18432K)->18035K(18432K) Class: 2523K(2816K)->2523K(2816K)
[2025-01-10T11:34:13.853+0100][gc           ] GC(1) Pause Young (Concurrent Start) (Metadata GC Threshold) 45M->10M(1024M) 17.174ms
[2025-01-10T11:34:13.854+0100][gc,cpu       ] GC(1) User=0.05s Sys=0.01s Real=0.02s
[2025-01-10T11:34:13.854+0100][gc           ] GC(2) Concurrent Cycle
[2025-01-10T11:34:13.854+0100][gc,marking   ] GC(2) Concurrent Clear Claimed Marks
[2025-01-10T11:34:13.855+0100][gc,marking   ] GC(2) Concurrent Clear Claimed Marks 0.478ms
[2025-01-10T11:34:13.855+0100][gc,marking   ] GC(2) Concurrent Scan Root Regions
[2025-01-10T11:34:13.857+0100][gc,marking   ] GC(2) Concurrent Scan Root Regions 1.526ms
[2025-01-10T11:34:13.857+0100][gc,marking   ] GC(2) Concurrent Mark (4.606s)
[2025-01-10T11:34:13.857+0100][gc,marking   ] GC(2) Concurrent Mark From Roots
[2025-01-10T11:34:13.858+0100][gc,task      ] GC(2) Using 2 workers of 2 for marking
[2025-01-10T11:34:13.869+0100][gc,marking   ] GC(2) Concurrent Mark From Roots 11.841ms
[2025-01-10T11:34:13.870+0100][gc,marking   ] GC(2) Concurrent Preclean
[2025-01-10T11:34:13.870+0100][gc,marking   ] GC(2) Concurrent Preclean 0.697ms
[2025-01-10T11:34:13.871+0100][gc,marking   ] GC(2) Concurrent Mark (4.606s, 4.620s) 14.020ms
[2025-01-10T11:34:13.872+0100][gc,start     ] GC(2) Pause Remark
[2025-01-10T11:34:13.880+0100][gc,stringtable] GC(2) Cleaned string and symbol table, strings: 5818 processed, 0 removed, symbols: 54394 processed, 46 removed
[2025-01-10T11:34:13.881+0100][gc            ] GC(2) Pause Remark 11M->11M(1024M) 9.111ms
[2025-01-10T11:34:13.882+0100][gc,cpu        ] GC(2) User=0.04s Sys=0.00s Real=0.01s
[2025-01-10T11:34:13.883+0100][gc,marking    ] GC(2) Concurrent Rebuild Remembered Sets
[2025-01-10T11:34:13.889+0100][gc,marking    ] GC(2) Concurrent Rebuild Remembered Sets 6.033ms
[2025-01-10T11:34:13.890+0100][gc,start      ] GC(2) Pause Cleanup
[2025-01-10T11:34:13.891+0100][gc            ] GC(2) Pause Cleanup 11M->11M(1024M) 1.378ms
[2025-01-10T11:34:13.892+0100][gc,cpu        ] GC(2) User=0.00s Sys=0.00s Real=0.00s
[2025-01-10T11:34:13.893+0100][gc,marking    ] GC(2) Concurrent Cleanup for Next Mark
[2025-01-10T11:34:13.905+0100][gc,marking    ] GC(2) Concurrent Cleanup for Next Mark 11.577ms
[2025-01-10T11:34:13.906+0100][gc            ] GC(2) Concurrent Cycle 51.844ms
[2025-01-10T11:34:14.228+0100][gc,heap,exit  ] Heap
[2025-01-10T11:34:14.229+0100][gc,heap,exit  ]  garbage-first heap   total 1048576K, used 15512K [0x00000000c0000000, 0x0000000100000000)
[2025-01-10T11:34:14.229+0100][gc,heap,exit  ]   region size 1024K, 8 young (8192K), 2 survivors (2048K)
[2025-01-10T11:34:14.230+0100][gc,heap,exit  ]  Metaspace       used 21149K, capacity 21835K, committed 22144K, reserved 1069056K
[2025-01-10T11:34:14.230+0100][gc,heap,exit  ]   class space    used 2621K, capacity 2908K, committed 2944K, reserved 1048576K
