[2025-01-15T22:46:48.378+0100][gc,heap] Heap region size: 1M
[2025-01-15T22:46:48.405+0100][gc     ] Using G1
[2025-01-15T22:46:48.406+0100][gc,heap,coops] Heap address: 0x00000000c0000000, size: 1024 MB, Compressed Oops mode: 32-bit
[2025-01-15T22:46:48.407+0100][gc,cds       ] Mark closed archive regions in map: [0x00000000fff00000, 0x00000000fff6bff8]
[2025-01-15T22:46:48.408+0100][gc,cds       ] Mark open archive regions in map: [0x00000000ffe00000, 0x00000000ffe47ff8]
[2025-01-15T22:46:57.272+0100][gc,start     ] GC(0) Pause Young (Normal) (G1 Evacuation Pause)
[2025-01-15T22:46:57.275+0100][gc,task      ] GC(0) Using 8 workers of 8 for evacuation
[2025-01-15T22:46:57.305+0100][gc,mmu       ] GC(0) MMU target violated: 21.0ms (20.0ms/21.0ms)
[2025-01-15T22:46:57.306+0100][gc,phases    ] GC(0)   Pre Evacuate Collection Set: 0.1ms
[2025-01-15T22:46:57.307+0100][gc,phases    ] GC(0)   Evacuate Collection Set: 25.8ms
[2025-01-15T22:46:57.307+0100][gc,phases    ] GC(0)   Post Evacuate Collection Set: 2.1ms
[2025-01-15T22:46:57.309+0100][gc,phases    ] GC(0)   Other: 6.2ms
[2025-01-15T22:46:57.309+0100][gc,heap      ] GC(0) Eden regions: 51->0(44)
[2025-01-15T22:46:57.310+0100][gc,heap      ] GC(0) Survivor regions: 0->7(7)
[2025-01-15T22:46:57.311+0100][gc,heap      ] GC(0) Old regions: 2->3
[2025-01-15T22:46:57.312+0100][gc,heap      ] GC(0) Humongous regions: 0->0
[2025-01-15T22:46:57.312+0100][gc,metaspace ] GC(0) Metaspace: 13020K(13696K)->13020K(13696K) NonClass: 11377K(11776K)->11377K(11776K) Class: 1643K(1920K)->1643K(1920K)
[2025-01-15T22:46:57.313+0100][gc           ] GC(0) Pause Young (Normal) (G1 Evacuation Pause) 51M->8M(1024M) 40.805ms
[2025-01-15T22:46:57.313+0100][gc,cpu       ] GC(0) User=0.10s Sys=0.12s Real=0.04s
[2025-01-15T22:46:59.949+0100][gc,start     ] GC(1) Pause Young (Concurrent Start) (Metadata GC Threshold)
[2025-01-15T22:46:59.949+0100][gc,task      ] GC(1) Using 8 workers of 8 for evacuation
[2025-01-15T22:46:59.974+0100][gc,mmu       ] GC(1) MMU target violated: 21.0ms (20.0ms/21.0ms)
[2025-01-15T22:46:59.975+0100][gc,phases    ] GC(1)   Pre Evacuate Collection Set: 0.1ms
[2025-01-15T22:46:59.975+0100][gc,phases    ] GC(1)   Evacuate Collection Set: 22.7ms
[2025-01-15T22:46:59.976+0100][gc,phases    ] GC(1)   Post Evacuate Collection Set: 0.9ms
[2025-01-15T22:46:59.976+0100][gc,phases    ] GC(1)   Other: 2.1ms
[2025-01-15T22:46:59.976+0100][gc,heap      ] GC(1) Eden regions: 37->0(49)
[2025-01-15T22:46:59.977+0100][gc,heap      ] GC(1) Survivor regions: 7->2(7)
[2025-01-15T22:46:59.977+0100][gc,heap      ] GC(1) Old regions: 3->10
[2025-01-15T22:46:59.978+0100][gc,heap      ] GC(1) Humongous regions: 0->0
[2025-01-15T22:46:59.978+0100][gc,metaspace ] GC(1) Metaspace: 20561K(21248K)->20561K(21248K) NonClass: 18037K(18432K)->18037K(18432K) Class: 2524K(2816K)->2524K(2816K)
[2025-01-15T22:46:59.978+0100][gc           ] GC(1) Pause Young (Concurrent Start) (Metadata GC Threshold) 44M->9M(1024M) 29.373ms
[2025-01-15T22:46:59.979+0100][gc,cpu       ] GC(1) User=0.12s Sys=0.01s Real=0.03s
[2025-01-15T22:46:59.979+0100][gc           ] GC(2) Concurrent Cycle
[2025-01-15T22:46:59.980+0100][gc,marking   ] GC(2) Concurrent Clear Claimed Marks
[2025-01-15T22:46:59.980+0100][gc,marking   ] GC(2) Concurrent Clear Claimed Marks 0.638ms
[2025-01-15T22:46:59.981+0100][gc,marking   ] GC(2) Concurrent Scan Root Regions
[2025-01-15T22:46:59.983+0100][gc,marking   ] GC(2) Concurrent Scan Root Regions 2.134ms
[2025-01-15T22:46:59.984+0100][gc,marking   ] GC(2) Concurrent Mark (11.850s)
[2025-01-15T22:46:59.984+0100][gc,marking   ] GC(2) Concurrent Mark From Roots
[2025-01-15T22:46:59.985+0100][gc,task      ] GC(2) Using 2 workers of 2 for marking
[2025-01-15T22:47:00.006+0100][gc,marking   ] GC(2) Concurrent Mark From Roots 22.056ms
[2025-01-15T22:47:00.011+0100][gc,marking   ] GC(2) Concurrent Preclean
[2025-01-15T22:47:00.015+0100][gc,marking   ] GC(2) Concurrent Preclean 4.257ms
[2025-01-15T22:47:00.017+0100][gc,marking   ] GC(2) Concurrent Mark (11.850s, 11.883s) 33.417ms
[2025-01-15T22:47:00.018+0100][gc,start     ] GC(2) Pause Remark
[2025-01-15T22:47:00.032+0100][gc,stringtable] GC(2) Cleaned string and symbol table, strings: 5820 processed, 0 removed, symbols: 54397 processed, 46 removed
[2025-01-15T22:47:00.037+0100][gc            ] GC(2) Pause Remark 10M->10M(1024M) 18.471ms
[2025-01-15T22:47:00.038+0100][gc,cpu        ] GC(2) User=0.06s Sys=0.00s Real=0.02s
[2025-01-15T22:47:00.040+0100][gc,marking    ] GC(2) Concurrent Rebuild Remembered Sets
[2025-01-15T22:47:00.053+0100][gc,marking    ] GC(2) Concurrent Rebuild Remembered Sets 12.840ms
[2025-01-15T22:47:00.058+0100][gc,start      ] GC(2) Pause Cleanup
[2025-01-15T22:47:00.062+0100][gc            ] GC(2) Pause Cleanup 10M->10M(1024M) 3.785ms
[2025-01-15T22:47:00.065+0100][gc,cpu        ] GC(2) User=0.01s Sys=0.00s Real=0.01s
[2025-01-15T22:47:00.067+0100][gc,marking    ] GC(2) Concurrent Cleanup for Next Mark
[2025-01-15T22:47:00.086+0100][gc,marking    ] GC(2) Concurrent Cleanup for Next Mark 18.811ms
[2025-01-15T22:47:00.089+0100][gc            ] GC(2) Concurrent Cycle 109.590ms
[2025-01-15T22:47:02.456+0100][gc,start      ] GC(3) Pause Young (Normal) (G1 Evacuation Pause)
[2025-01-15T22:47:02.456+0100][gc,task       ] GC(3) Using 8 workers of 8 for evacuation
[2025-01-15T22:47:02.470+0100][gc,phases     ] GC(3)   Pre Evacuate Collection Set: 0.7ms
[2025-01-15T22:47:02.471+0100][gc,phases     ] GC(3)   Evacuate Collection Set: 11.1ms
[2025-01-15T22:47:02.472+0100][gc,phases     ] GC(3)   Post Evacuate Collection Set: 1.7ms
[2025-01-15T22:47:02.472+0100][gc,phases     ] GC(3)   Other: 1.0ms
[2025-01-15T22:47:02.473+0100][gc,heap       ] GC(3) Eden regions: 49->0(48)
[2025-01-15T22:47:02.474+0100][gc,heap       ] GC(3) Survivor regions: 2->3(7)
[2025-01-15T22:47:02.474+0100][gc,heap       ] GC(3) Old regions: 10->10
[2025-01-15T22:47:02.475+0100][gc,heap       ] GC(3) Humongous regions: 129->129
[2025-01-15T22:47:02.475+0100][gc,metaspace  ] GC(3) Metaspace: 28941K(30208K)->28941K(30208K) NonClass: 25629K(26368K)->25629K(26368K) Class: 3312K(3840K)->3312K(3840K)
[2025-01-15T22:47:02.475+0100][gc            ] GC(3) Pause Young (Normal) (G1 Evacuation Pause) 187M->140M(1024M) 19.778ms
[2025-01-15T22:47:02.476+0100][gc,cpu        ] GC(3) User=0.09s Sys=0.00s Real=0.02s
[2025-01-15T22:47:04.442+0100][gc,start      ] GC(4) Pause Young (Concurrent Start) (Metadata GC Threshold)
[2025-01-15T22:47:04.443+0100][gc,task       ] GC(4) Using 8 workers of 8 for evacuation
[2025-01-15T22:47:04.461+0100][gc,phases     ] GC(4)   Pre Evacuate Collection Set: 0.1ms
[2025-01-15T22:47:04.462+0100][gc,phases     ] GC(4)   Evacuate Collection Set: 14.7ms
[2025-01-15T22:47:04.463+0100][gc,phases     ] GC(4)   Post Evacuate Collection Set: 1.7ms
[2025-01-15T22:47:04.465+0100][gc,phases     ] GC(4)   Other: 3.1ms
[2025-01-15T22:47:04.466+0100][gc,heap       ] GC(4) Eden regions: 39->0(44)
[2025-01-15T22:47:04.467+0100][gc,heap       ] GC(4) Survivor regions: 3->7(7)
[2025-01-15T22:47:04.469+0100][gc,heap       ] GC(4) Old regions: 10->10
[2025-01-15T22:47:04.470+0100][gc,heap       ] GC(4) Humongous regions: 129->129
[2025-01-15T22:47:04.472+0100][gc,metaspace  ] GC(4) Metaspace: 34455K(35840K)->34455K(35840K) NonClass: 30482K(31232K)->30482K(31232K) Class: 3972K(4608K)->3972K(4608K)
[2025-01-15T22:47:04.473+0100][gc            ] GC(4) Pause Young (Concurrent Start) (Metadata GC Threshold) 178M->143M(1024M) 31.814ms
[2025-01-15T22:47:04.475+0100][gc,cpu        ] GC(4) User=0.12s Sys=0.00s Real=0.03s
[2025-01-15T22:47:04.476+0100][gc            ] GC(5) Concurrent Cycle
[2025-01-15T22:47:04.478+0100][gc,marking    ] GC(5) Concurrent Clear Claimed Marks
[2025-01-15T22:47:04.481+0100][gc,marking    ] GC(5) Concurrent Clear Claimed Marks 2.653ms
[2025-01-15T22:47:04.482+0100][gc,marking    ] GC(5) Concurrent Scan Root Regions
[2025-01-15T22:47:04.489+0100][gc,marking    ] GC(5) Concurrent Scan Root Regions 6.706ms
[2025-01-15T22:47:04.489+0100][gc,marking    ] GC(5) Concurrent Mark (16.356s)
[2025-01-15T22:47:04.490+0100][gc,marking    ] GC(5) Concurrent Mark From Roots
[2025-01-15T22:47:04.491+0100][gc,task       ] GC(5) Using 2 workers of 2 for marking
[2025-01-15T22:47:04.507+0100][gc,marking    ] GC(5) Concurrent Mark From Roots 17.447ms
[2025-01-15T22:47:04.508+0100][gc,marking    ] GC(5) Concurrent Preclean
[2025-01-15T22:47:04.509+0100][gc,marking    ] GC(5) Concurrent Preclean 1.432ms
[2025-01-15T22:47:04.511+0100][gc,marking    ] GC(5) Concurrent Mark (16.356s, 16.377s) 21.382ms
[2025-01-15T22:47:04.512+0100][gc,start      ] GC(5) Pause Remark
[2025-01-15T22:47:04.518+0100][gc,stringtable] GC(5) Cleaned string and symbol table, strings: 9838 processed, 10 removed, symbols: 84866 processed, 14 removed
[2025-01-15T22:47:04.520+0100][gc            ] GC(5) Pause Remark 145M->145M(1024M) 7.311ms
[2025-01-15T22:47:04.520+0100][gc,cpu        ] GC(5) User=0.02s Sys=0.01s Real=0.01s
[2025-01-15T22:47:04.521+0100][gc,marking    ] GC(5) Concurrent Rebuild Remembered Sets
[2025-01-15T22:47:04.527+0100][gc,marking    ] GC(5) Concurrent Rebuild Remembered Sets 6.405ms
[2025-01-15T22:47:04.529+0100][gc,start      ] GC(5) Pause Cleanup
[2025-01-15T22:47:04.530+0100][gc            ] GC(5) Pause Cleanup 145M->145M(1024M) 0.965ms
[2025-01-15T22:47:04.531+0100][gc,cpu        ] GC(5) User=0.00s Sys=0.00s Real=0.01s
[2025-01-15T22:47:04.532+0100][gc,marking    ] GC(5) Concurrent Cleanup for Next Mark
[2025-01-15T22:47:04.560+0100][gc,marking    ] GC(5) Concurrent Cleanup for Next Mark 27.847ms
[2025-01-15T22:47:04.562+0100][gc            ] GC(5) Concurrent Cycle 85.657ms
[2025-01-15T23:02:53.685+0100][gc,start      ] GC(6) Pause Young (Normal) (G1 Evacuation Pause)
[2025-01-15T23:02:53.687+0100][gc,task       ] GC(6) Using 8 workers of 8 for evacuation
[2025-01-15T23:02:53.862+0100][gc,mmu        ] GC(6) MMU target violated: 21.0ms (20.0ms/21.0ms)
[2025-01-15T23:02:53.863+0100][gc,phases     ] GC(6)   Pre Evacuate Collection Set: 59.2ms
[2025-01-15T23:02:53.864+0100][gc,phases     ] GC(6)   Evacuate Collection Set: 104.6ms
[2025-01-15T23:02:53.864+0100][gc,phases     ] GC(6)   Post Evacuate Collection Set: 4.4ms
[2025-01-15T23:02:53.864+0100][gc,phases     ] GC(6)   Other: 12.7ms
[2025-01-15T23:02:53.865+0100][gc,heap       ] GC(6) Eden regions: 44->0(49)
[2025-01-15T23:02:53.865+0100][gc,heap       ] GC(6) Survivor regions: 7->2(7)
[2025-01-15T23:02:53.865+0100][gc,heap       ] GC(6) Old regions: 10->16
[2025-01-15T23:02:53.866+0100][gc,heap       ] GC(6) Humongous regions: 129->129
[2025-01-15T23:02:53.866+0100][gc,metaspace  ] GC(6) Metaspace: 41083K(43264K)->41083K(43264K) NonClass: 35961K(37120K)->35961K(37120K) Class: 5122K(6144K)->5122K(6144K)
[2025-01-15T23:02:53.867+0100][gc            ] GC(6) Pause Young (Normal) (G1 Evacuation Pause) 187M->145M(1024M) 182.267ms
[2025-01-15T23:02:53.868+0100][gc,cpu        ] GC(6) User=0.70s Sys=0.19s Real=0.18s
[2025-01-15T23:19:12.384+0100][gc,start      ] GC(7) Pause Young (Normal) (G1 Evacuation Pause)
[2025-01-15T23:19:12.389+0100][gc,task       ] GC(7) Using 8 workers of 8 for evacuation
[2025-01-15T23:19:12.609+0100][gc,mmu        ] GC(7) MMU target violated: 21.0ms (20.0ms/21.0ms)
[2025-01-15T23:19:12.611+0100][gc,phases     ] GC(7)   Pre Evacuate Collection Set: 117.3ms
[2025-01-15T23:19:12.611+0100][gc,phases     ] GC(7)   Evacuate Collection Set: 82.9ms
[2025-01-15T23:19:12.612+0100][gc,phases     ] GC(7)   Post Evacuate Collection Set: 6.8ms
[2025-01-15T23:19:12.612+0100][gc,phases     ] GC(7)   Other: 25.2ms
[2025-01-15T23:19:12.613+0100][gc,heap       ] GC(7) Eden regions: 49->0(46)
[2025-01-15T23:19:12.613+0100][gc,heap       ] GC(7) Survivor regions: 2->5(7)
[2025-01-15T23:19:12.614+0100][gc,heap       ] GC(7) Old regions: 16->16
[2025-01-15T23:19:12.614+0100][gc,heap       ] GC(7) Humongous regions: 129->129
[2025-01-15T23:19:12.614+0100][gc,metaspace  ] GC(7) Metaspace: 43222K(45696K)->43222K(45696K) NonClass: 37858K(39168K)->37858K(39168K) Class: 5363K(6528K)->5363K(6528K)
[2025-01-15T23:19:12.615+0100][gc            ] GC(7) Pause Young (Normal) (G1 Evacuation Pause) 194M->148M(1024M) 231.845ms
[2025-01-15T23:19:12.616+0100][gc,cpu        ] GC(7) User=0.82s Sys=0.00s Real=0.23s
[2025-01-15T23:36:57.254+0100][gc,start      ] GC(8) Pause Young (Normal) (G1 Evacuation Pause)
[2025-01-15T23:36:57.259+0100][gc,task       ] GC(8) Using 8 workers of 8 for evacuation
[2025-01-15T23:36:57.409+0100][gc,mmu        ] GC(8) MMU target violated: 21.0ms (20.0ms/21.0ms)
[2025-01-15T23:36:57.411+0100][gc,phases     ] GC(8)   Pre Evacuate Collection Set: 24.5ms
[2025-01-15T23:36:57.413+0100][gc,phases     ] GC(8)   Evacuate Collection Set: 110.6ms
[2025-01-15T23:36:57.413+0100][gc,phases     ] GC(8)   Post Evacuate Collection Set: 4.9ms
[2025-01-15T23:36:57.414+0100][gc,phases     ] GC(8)   Other: 21.4ms
[2025-01-15T23:36:57.415+0100][gc,heap       ] GC(8) Eden regions: 46->0(49)
[2025-01-15T23:36:57.416+0100][gc,heap       ] GC(8) Survivor regions: 5->2(7)
[2025-01-15T23:36:57.416+0100][gc,heap       ] GC(8) Old regions: 16->18
[2025-01-15T23:36:57.416+0100][gc,heap       ] GC(8) Humongous regions: 129->129
[2025-01-15T23:36:57.417+0100][gc,metaspace  ] GC(8) Metaspace: 43357K(45952K)->43357K(45952K) NonClass: 37993K(39424K)->37993K(39424K) Class: 5363K(6528K)->5363K(6528K)
[2025-01-15T23:36:57.417+0100][gc            ] GC(8) Pause Young (Normal) (G1 Evacuation Pause) 194M->146M(1024M) 163.559ms
[2025-01-15T23:36:57.418+0100][gc,cpu        ] GC(8) User=0.92s Sys=0.01s Real=0.16s
[2025-01-15T23:48:58.413+0100][gc,heap,exit  ] Heap
[2025-01-15T23:48:58.414+0100][gc,heap,exit  ]  garbage-first heap   total 1048576K, used 191468K [0x00000000c0000000, 0x0000000100000000)
[2025-01-15T23:48:58.414+0100][gc,heap,exit  ]   region size 1024K, 44 young (45056K), 2 survivors (2048K)
[2025-01-15T23:48:58.414+0100][gc,heap,exit  ]  Metaspace       used 44493K, capacity 47053K, committed 47104K, reserved 1089536K
[2025-01-15T23:48:58.415+0100][gc,heap,exit  ]   class space    used 5612K, capacity 6865K, committed 6912K, reserved 1048576K
