[2025-01-10T11:35:57.284+0100][gc,heap] Heap region size: 1M
[2025-01-10T11:35:57.298+0100][gc     ] Using G1
[2025-01-10T11:35:57.298+0100][gc,heap,coops] Heap address: 0x00000000c0000000, size: 1024 MB, Compressed Oops mode: 32-bit
[2025-01-10T11:35:57.299+0100][gc,cds       ] Mark closed archive regions in map: [0x00000000fff00000, 0x00000000fff6bff8]
[2025-01-10T11:35:57.300+0100][gc,cds       ] Mark open archive regions in map: [0x00000000ffe00000, 0x00000000ffe47ff8]
[2025-01-10T11:36:01.536+0100][gc,start     ] GC(0) Pause Young (Normal) (G1 Evacuation Pause)
[2025-01-10T11:36:01.538+0100][gc,task      ] GC(0) Using 8 workers of 8 for evacuation
[2025-01-10T11:36:01.563+0100][gc,mmu       ] GC(0) MMU target violated: 21.0ms (20.0ms/21.0ms)
[2025-01-10T11:36:01.563+0100][gc,phases    ] GC(0)   Pre Evacuate Collection Set: 0.0ms
[2025-01-10T11:36:01.564+0100][gc,phases    ] GC(0)   Evacuate Collection Set: 23.8ms
[2025-01-10T11:36:01.564+0100][gc,phases    ] GC(0)   Post Evacuate Collection Set: 1.0ms
[2025-01-10T11:36:01.565+0100][gc,phases    ] GC(0)   Other: 2.9ms
[2025-01-10T11:36:01.565+0100][gc,heap      ] GC(0) Eden regions: 51->0(44)
[2025-01-10T11:36:01.565+0100][gc,heap      ] GC(0) Survivor regions: 0->7(7)
[2025-01-10T11:36:01.566+0100][gc,heap      ] GC(0) Old regions: 2->3
[2025-01-10T11:36:01.566+0100][gc,heap      ] GC(0) Humongous regions: 0->0
[2025-01-10T11:36:01.566+0100][gc,metaspace ] GC(0) Metaspace: 13037K(13696K)->13037K(13696K) NonClass: 11394K(11776K)->11394K(11776K) Class: 1643K(1920K)->1643K(1920K)
[2025-01-10T11:36:01.567+0100][gc           ] GC(0) Pause Young (Normal) (G1 Evacuation Pause) 51M->8M(1024M) 31.029ms
[2025-01-10T11:36:01.567+0100][gc,cpu       ] GC(0) User=0.12s Sys=0.05s Real=0.03s
[2025-01-10T11:36:02.806+0100][gc,start     ] GC(1) Pause Young (Concurrent Start) (Metadata GC Threshold)
[2025-01-10T11:36:02.806+0100][gc,task      ] GC(1) Using 8 workers of 8 for evacuation
[2025-01-10T11:36:02.820+0100][gc,phases    ] GC(1)   Pre Evacuate Collection Set: 0.1ms
[2025-01-10T11:36:02.821+0100][gc,phases    ] GC(1)   Evacuate Collection Set: 11.8ms
[2025-01-10T11:36:02.821+0100][gc,phases    ] GC(1)   Post Evacuate Collection Set: 1.1ms
[2025-01-10T11:36:02.821+0100][gc,phases    ] GC(1)   Other: 1.4ms
[2025-01-10T11:36:02.822+0100][gc,heap      ] GC(1) Eden regions: 37->0(49)
[2025-01-10T11:36:02.822+0100][gc,heap      ] GC(1) Survivor regions: 7->2(7)
[2025-01-10T11:36:02.822+0100][gc,heap      ] GC(1) Old regions: 3->10
[2025-01-10T11:36:02.823+0100][gc,heap      ] GC(1) Humongous regions: 0->0
[2025-01-10T11:36:02.823+0100][gc,metaspace ] GC(1) Metaspace: 20564K(21248K)->20564K(21248K) NonClass: 18041K(18432K)->18041K(18432K) Class: 2523K(2816K)->2523K(2816K)
[2025-01-10T11:36:02.823+0100][gc           ] GC(1) Pause Young (Concurrent Start) (Metadata GC Threshold) 45M->9M(1024M) 17.518ms
[2025-01-10T11:36:02.824+0100][gc,cpu       ] GC(1) User=0.06s Sys=0.02s Real=0.02s
[2025-01-10T11:36:02.824+0100][gc           ] GC(2) Concurrent Cycle
[2025-01-10T11:36:02.824+0100][gc,marking   ] GC(2) Concurrent Clear Claimed Marks
[2025-01-10T11:36:02.825+0100][gc,marking   ] GC(2) Concurrent Clear Claimed Marks 0.444ms
[2025-01-10T11:36:02.825+0100][gc,marking   ] GC(2) Concurrent Scan Root Regions
[2025-01-10T11:36:02.827+0100][gc,marking   ] GC(2) Concurrent Scan Root Regions 1.795ms
[2025-01-10T11:36:02.828+0100][gc,marking   ] GC(2) Concurrent Mark (5.583s)
[2025-01-10T11:36:02.828+0100][gc,marking   ] GC(2) Concurrent Mark From Roots
[2025-01-10T11:36:02.828+0100][gc,task      ] GC(2) Using 2 workers of 2 for marking
[2025-01-10T11:36:02.839+0100][gc,marking   ] GC(2) Concurrent Mark From Roots 11.239ms
[2025-01-10T11:36:02.840+0100][gc,marking   ] GC(2) Concurrent Preclean
[2025-01-10T11:36:02.841+0100][gc,marking   ] GC(2) Concurrent Preclean 0.957ms
[2025-01-10T11:36:02.842+0100][gc,marking   ] GC(2) Concurrent Mark (5.583s, 5.597s) 14.121ms
[2025-01-10T11:36:02.843+0100][gc,start     ] GC(2) Pause Remark
[2025-01-10T11:36:02.846+0100][gc,stringtable] GC(2) Cleaned string and symbol table, strings: 5820 processed, 0 removed, symbols: 54397 processed, 46 removed
[2025-01-10T11:36:02.848+0100][gc            ] GC(2) Pause Remark 10M->10M(1024M) 5.465ms
[2025-01-10T11:36:02.849+0100][gc,cpu        ] GC(2) User=0.01s Sys=0.01s Real=0.00s
[2025-01-10T11:36:02.849+0100][gc,marking    ] GC(2) Concurrent Rebuild Remembered Sets
[2025-01-10T11:36:02.854+0100][gc,marking    ] GC(2) Concurrent Rebuild Remembered Sets 4.162ms
[2025-01-10T11:36:02.855+0100][gc,start      ] GC(2) Pause Cleanup
[2025-01-10T11:36:02.856+0100][gc            ] GC(2) Pause Cleanup 11M->11M(1024M) 0.904ms
[2025-01-10T11:36:02.856+0100][gc,cpu        ] GC(2) User=0.01s Sys=0.00s Real=0.00s
[2025-01-10T11:36:02.857+0100][gc,marking    ] GC(2) Concurrent Cleanup for Next Mark
[2025-01-10T11:36:02.864+0100][gc,marking    ] GC(2) Concurrent Cleanup for Next Mark 7.267ms
[2025-01-10T11:36:02.865+0100][gc            ] GC(2) Concurrent Cycle 40.644ms
[2025-01-10T11:36:03.100+0100][gc,heap,exit  ] Heap
[2025-01-10T11:36:03.100+0100][gc,heap,exit  ]  garbage-first heap   total 1048576K, used 14979K [0x00000000c0000000, 0x0000000100000000)
[2025-01-10T11:36:03.101+0100][gc,heap,exit  ]   region size 1024K, 8 young (8192K), 2 survivors (2048K)
[2025-01-10T11:36:03.101+0100][gc,heap,exit  ]  Metaspace       used 21178K, capacity 21838K, committed 22144K, reserved 1069056K
[2025-01-10T11:36:03.101+0100][gc,heap,exit  ]   class space    used 2621K, capacity 2908K, committed 2944K, reserved 1048576K
