[2025-01-15T22:36:14.873+0100][gc,heap] Heap region size: 1M
[2025-01-15T22:36:14.894+0100][gc     ] Using G1
[2025-01-15T22:36:14.894+0100][gc,heap,coops] Heap address: 0x00000000c0000000, size: 1024 MB, Compressed Oops mode: 32-bit
[2025-01-15T22:36:14.895+0100][gc,cds       ] Mark closed archive regions in map: [0x00000000fff00000, 0x00000000fff6bff8]
[2025-01-15T22:36:14.896+0100][gc,cds       ] Mark open archive regions in map: [0x00000000ffe00000, 0x00000000ffe47ff8]
[2025-01-15T22:36:25.443+0100][gc,start     ] GC(0) Pause Young (Normal) (G1 Evacuation Pause)
[2025-01-15T22:36:25.447+0100][gc,task      ] GC(0) Using 8 workers of 8 for evacuation
[2025-01-15T22:36:25.488+0100][gc,mmu       ] GC(0) MMU target violated: 21.0ms (20.0ms/21.0ms)
[2025-01-15T22:36:25.493+0100][gc,phases    ] GC(0)   Pre Evacuate Collection Set: 0.2ms
[2025-01-15T22:36:25.494+0100][gc,phases    ] GC(0)   Evacuate Collection Set: 36.9ms
[2025-01-15T22:36:25.495+0100][gc,phases    ] GC(0)   Post Evacuate Collection Set: 1.9ms
[2025-01-15T22:36:25.495+0100][gc,phases    ] GC(0)   Other: 10.9ms
[2025-01-15T22:36:25.496+0100][gc,heap      ] GC(0) Eden regions: 51->0(44)
[2025-01-15T22:36:25.496+0100][gc,heap      ] GC(0) Survivor regions: 0->7(7)
[2025-01-15T22:36:25.497+0100][gc,heap      ] GC(0) Old regions: 2->3
[2025-01-15T22:36:25.497+0100][gc,heap      ] GC(0) Humongous regions: 0->0
[2025-01-15T22:36:25.498+0100][gc,metaspace ] GC(0) Metaspace: 13079K(13696K)->13079K(13696K) NonClass: 11432K(11776K)->11432K(11776K) Class: 1647K(1920K)->1647K(1920K)
[2025-01-15T22:36:25.498+0100][gc           ] GC(0) Pause Young (Normal) (G1 Evacuation Pause) 51M->8M(1024M) 55.013ms
[2025-01-15T22:36:25.498+0100][gc,cpu       ] GC(0) User=0.25s Sys=0.05s Real=0.05s
[2025-01-15T22:36:27.995+0100][gc,start     ] GC(1) Pause Young (Concurrent Start) (Metadata GC Threshold)
[2025-01-15T22:36:27.996+0100][gc,task      ] GC(1) Using 8 workers of 8 for evacuation
[2025-01-15T22:36:28.033+0100][gc,mmu       ] GC(1) MMU target violated: 21.0ms (20.0ms/21.0ms)
[2025-01-15T22:36:28.034+0100][gc,phases    ] GC(1)   Pre Evacuate Collection Set: 0.2ms
[2025-01-15T22:36:28.035+0100][gc,phases    ] GC(1)   Evacuate Collection Set: 33.3ms
[2025-01-15T22:36:28.035+0100][gc,phases    ] GC(1)   Post Evacuate Collection Set: 1.3ms
[2025-01-15T22:36:28.036+0100][gc,phases    ] GC(1)   Other: 3.7ms
[2025-01-15T22:36:28.037+0100][gc,heap      ] GC(1) Eden regions: 37->0(49)
[2025-01-15T22:36:28.038+0100][gc,heap      ] GC(1) Survivor regions: 7->2(7)
[2025-01-15T22:36:28.038+0100][gc,heap      ] GC(1) Old regions: 3->10
[2025-01-15T22:36:28.039+0100][gc,heap      ] GC(1) Humongous regions: 0->0
[2025-01-15T22:36:28.039+0100][gc,metaspace ] GC(1) Metaspace: 20587K(21248K)->20587K(21248K) NonClass: 18055K(18432K)->18055K(18432K) Class: 2531K(2816K)->2531K(2816K)
[2025-01-15T22:36:28.040+0100][gc           ] GC(1) Pause Young (Concurrent Start) (Metadata GC Threshold) 45M->9M(1024M) 44.598ms
[2025-01-15T22:36:28.041+0100][gc,cpu       ] GC(1) User=0.13s Sys=0.02s Real=0.05s
[2025-01-15T22:36:28.042+0100][gc           ] GC(2) Concurrent Cycle
[2025-01-15T22:36:28.042+0100][gc,marking   ] GC(2) Concurrent Clear Claimed Marks
[2025-01-15T22:36:28.043+0100][gc,marking   ] GC(2) Concurrent Clear Claimed Marks 0.654ms
[2025-01-15T22:36:28.044+0100][gc,marking   ] GC(2) Concurrent Scan Root Regions
[2025-01-15T22:36:28.047+0100][gc,marking   ] GC(2) Concurrent Scan Root Regions 2.718ms
[2025-01-15T22:36:28.048+0100][gc,marking   ] GC(2) Concurrent Mark (13.287s)
[2025-01-15T22:36:28.049+0100][gc,marking   ] GC(2) Concurrent Mark From Roots
[2025-01-15T22:36:28.049+0100][gc,task      ] GC(2) Using 2 workers of 2 for marking
[2025-01-15T22:36:28.071+0100][gc,marking   ] GC(2) Concurrent Mark From Roots 22.596ms
[2025-01-15T22:36:28.072+0100][gc,marking   ] GC(2) Concurrent Preclean
[2025-01-15T22:36:28.074+0100][gc,marking   ] GC(2) Concurrent Preclean 1.734ms
[2025-01-15T22:36:28.075+0100][gc,marking   ] GC(2) Concurrent Mark (13.287s, 13.314s) 27.181ms
[2025-01-15T22:36:28.079+0100][gc,start     ] GC(2) Pause Remark
[2025-01-15T22:36:28.099+0100][gc,stringtable] GC(2) Cleaned string and symbol table, strings: 5847 processed, 0 removed, symbols: 54510 processed, 48 removed
[2025-01-15T22:36:28.101+0100][gc,mmu        ] GC(2) MMU target violated: 20.8ms (20.0ms/21.0ms)
[2025-01-15T22:36:28.102+0100][gc            ] GC(2) Pause Remark 9M->9M(1024M) 22.699ms
[2025-01-15T22:36:28.102+0100][gc,cpu        ] GC(2) User=0.04s Sys=0.04s Real=0.03s
[2025-01-15T22:36:28.104+0100][gc,marking    ] GC(2) Concurrent Rebuild Remembered Sets
[2025-01-15T22:36:28.113+0100][gc,marking    ] GC(2) Concurrent Rebuild Remembered Sets 9.345ms
[2025-01-15T22:36:28.115+0100][gc,start      ] GC(2) Pause Cleanup
[2025-01-15T22:36:28.130+0100][gc            ] GC(2) Pause Cleanup 9M->9M(1024M) 15.833ms
[2025-01-15T22:36:28.132+0100][gc,cpu        ] GC(2) User=0.00s Sys=0.02s Real=0.02s
[2025-01-15T22:36:28.132+0100][gc,marking    ] GC(2) Concurrent Cleanup for Next Mark
[2025-01-15T22:36:28.152+0100][gc,marking    ] GC(2) Concurrent Cleanup for Next Mark 19.838ms
[2025-01-15T22:36:28.153+0100][gc            ] GC(2) Concurrent Cycle 111.617ms
[2025-01-15T22:36:36.979+0100][gc,start      ] GC(3) Pause Young (Normal) (G1 Evacuation Pause)
[2025-01-15T22:36:36.980+0100][gc,task       ] GC(3) Using 8 workers of 8 for evacuation
[2025-01-15T22:36:36.996+0100][gc,phases     ] GC(3)   Pre Evacuate Collection Set: 0.4ms
[2025-01-15T22:36:36.997+0100][gc,phases     ] GC(3)   Evacuate Collection Set: 13.9ms
[2025-01-15T22:36:36.997+0100][gc,phases     ] GC(3)   Post Evacuate Collection Set: 0.9ms
[2025-01-15T22:36:36.998+0100][gc,phases     ] GC(3)   Other: 2.1ms
[2025-01-15T22:36:36.999+0100][gc,heap       ] GC(3) Eden regions: 49->0(47)
[2025-01-15T22:36:36.999+0100][gc,heap       ] GC(3) Survivor regions: 2->4(7)
[2025-01-15T22:36:37.000+0100][gc,heap       ] GC(3) Old regions: 10->10
[2025-01-15T22:36:37.000+0100][gc,heap       ] GC(3) Humongous regions: 129->129
[2025-01-15T22:36:37.001+0100][gc,metaspace  ] GC(3) Metaspace: 29131K(30080K)->29131K(30080K) NonClass: 25844K(26368K)->25844K(26368K) Class: 3287K(3712K)->3287K(3712K)
[2025-01-15T22:36:37.003+0100][gc            ] GC(3) Pause Young (Normal) (G1 Evacuation Pause) 187M->140M(1024M) 24.054ms
[2025-01-15T22:36:37.004+0100][gc,cpu        ] GC(3) User=0.08s Sys=0.02s Real=0.03s
[2025-01-15T22:36:38.729+0100][gc,start      ] GC(4) Pause Young (Concurrent Start) (Metadata GC Threshold)
[2025-01-15T22:36:38.731+0100][gc,task       ] GC(4) Using 8 workers of 8 for evacuation
[2025-01-15T22:36:38.753+0100][gc,mmu        ] GC(4) MMU target violated: 20.7ms (20.0ms/21.0ms)
[2025-01-15T22:36:38.754+0100][gc,phases     ] GC(4)   Pre Evacuate Collection Set: 0.2ms
[2025-01-15T22:36:38.756+0100][gc,phases     ] GC(4)   Evacuate Collection Set: 16.4ms
[2025-01-15T22:36:38.757+0100][gc,phases     ] GC(4)   Post Evacuate Collection Set: 3.2ms
[2025-01-15T22:36:38.759+0100][gc,phases     ] GC(4)   Other: 4.9ms
[2025-01-15T22:36:38.760+0100][gc,heap       ] GC(4) Eden regions: 38->0(44)
[2025-01-15T22:36:38.761+0100][gc,heap       ] GC(4) Survivor regions: 4->7(7)
[2025-01-15T22:36:38.762+0100][gc,heap       ] GC(4) Old regions: 10->10
[2025-01-15T22:36:38.766+0100][gc,heap       ] GC(4) Humongous regions: 129->129
[2025-01-15T22:36:38.767+0100][gc,metaspace  ] GC(4) Metaspace: 34521K(35840K)->34521K(35840K) NonClass: 30601K(31360K)->30601K(31360K) Class: 3920K(4480K)->3920K(4480K)
[2025-01-15T22:36:38.768+0100][gc            ] GC(4) Pause Young (Concurrent Start) (Metadata GC Threshold) 177M->144M(1024M) 38.569ms
[2025-01-15T22:36:38.768+0100][gc,cpu        ] GC(4) User=0.08s Sys=0.02s Real=0.04s
[2025-01-15T22:36:38.769+0100][gc            ] GC(5) Concurrent Cycle
[2025-01-15T22:36:38.770+0100][gc,marking    ] GC(5) Concurrent Clear Claimed Marks
[2025-01-15T22:36:38.771+0100][gc,marking    ] GC(5) Concurrent Clear Claimed Marks 1.028ms
[2025-01-15T22:36:38.772+0100][gc,marking    ] GC(5) Concurrent Scan Root Regions
[2025-01-15T22:36:38.779+0100][gc,marking    ] GC(5) Concurrent Scan Root Regions 6.847ms
[2025-01-15T22:36:38.779+0100][gc,marking    ] GC(5) Concurrent Mark (24.019s)
[2025-01-15T22:36:38.780+0100][gc,marking    ] GC(5) Concurrent Mark From Roots
[2025-01-15T22:36:38.781+0100][gc,task       ] GC(5) Using 2 workers of 2 for marking
[2025-01-15T22:36:38.798+0100][gc,marking    ] GC(5) Concurrent Mark From Roots 17.191ms
[2025-01-15T22:36:38.799+0100][gc,marking    ] GC(5) Concurrent Preclean
[2025-01-15T22:36:38.800+0100][gc,marking    ] GC(5) Concurrent Preclean 1.078ms
[2025-01-15T22:36:38.802+0100][gc,marking    ] GC(5) Concurrent Mark (24.019s, 24.041s) 22.449ms
[2025-01-15T22:36:38.803+0100][gc,start      ] GC(5) Pause Remark
[2025-01-15T22:36:38.809+0100][gc,stringtable] GC(5) Cleaned string and symbol table, strings: 11732 processed, 10 removed, symbols: 87065 processed, 15 removed
[2025-01-15T22:36:38.810+0100][gc            ] GC(5) Pause Remark 145M->145M(1024M) 6.681ms
[2025-01-15T22:36:38.811+0100][gc,cpu        ] GC(5) User=0.02s Sys=0.02s Real=0.01s
[2025-01-15T22:36:38.811+0100][gc,marking    ] GC(5) Concurrent Rebuild Remembered Sets
[2025-01-15T22:36:38.817+0100][gc,marking    ] GC(5) Concurrent Rebuild Remembered Sets 5.412ms
[2025-01-15T22:36:38.818+0100][gc,start      ] GC(5) Pause Cleanup
[2025-01-15T22:36:38.818+0100][gc            ] GC(5) Pause Cleanup 145M->145M(1024M) 0.753ms
[2025-01-15T22:36:38.819+0100][gc,cpu        ] GC(5) User=0.01s Sys=0.00s Real=0.00s
[2025-01-15T22:36:38.821+0100][gc,marking    ] GC(5) Concurrent Cleanup for Next Mark
[2025-01-15T22:36:39.034+0100][gc,marking    ] GC(5) Concurrent Cleanup for Next Mark 213.240ms
[2025-01-15T22:36:39.034+0100][gc            ] GC(5) Concurrent Cycle 265.092ms
[2025-01-15T22:37:04.242+0100][gc,heap,exit  ] Heap
[2025-01-15T22:37:04.242+0100][gc,heap,exit  ]  garbage-first heap   total 1048576K, used 183404K [0x00000000c0000000, 0x0000000100000000)
[2025-01-15T22:37:04.243+0100][gc,heap,exit  ]   region size 1024K, 44 young (45056K), 7 survivors (7168K)
[2025-01-15T22:37:04.245+0100][gc,heap,exit  ]  Metaspace       used 39934K, capacity 41769K, committed 41932K, reserved 1085440K
[2025-01-15T22:37:04.247+0100][gc,heap,exit  ]   class space    used 4855K, capacity 5739K, committed 5836K, reserved 1048576K
