[2025-01-10T11:34:09.272+0100][gc,heap] Heap region size: 1M
[2025-01-10T11:34:09.281+0100][gc     ] Using G1
[2025-01-10T11:34:09.282+0100][gc,heap,coops] Heap address: 0x00000000e0000000, size: 512 MB, Compressed Oops mode: 32-bit
[2025-01-10T11:34:09.283+0100][gc,cds       ] Mark closed archive regions in map: [0x00000000fff00000, 0x00000000fff6bff8]
[2025-01-10T11:34:09.283+0100][gc,cds       ] Mark open archive regions in map: [0x00000000ffe00000, 0x00000000ffe47ff8]
[2025-01-10T11:34:11.427+0100][gc,start     ] GC(0) Pause Young (Normal) (G1 Evacuation Pause)
[2025-01-10T11:34:11.431+0100][gc,task      ] GC(0) Using 8 workers of 8 for evacuation
[2025-01-10T11:34:11.467+0100][gc,mmu       ] GC(0) MMU target violated: 21.0ms (20.0ms/21.0ms)
[2025-01-10T11:34:11.467+0100][gc,phases    ] GC(0)   Pre Evacuate Collection Set: 0.0ms
[2025-01-10T11:34:11.468+0100][gc,phases    ] GC(0)   Evacuate Collection Set: 34.2ms
[2025-01-10T11:34:11.468+0100][gc,phases    ] GC(0)   Post Evacuate Collection Set: 0.9ms
[2025-01-10T11:34:11.469+0100][gc,phases    ] GC(0)   Other: 6.8ms
[2025-01-10T11:34:11.469+0100][gc,heap      ] GC(0) Eden regions: 25->0(21)
[2025-01-10T11:34:11.469+0100][gc,heap      ] GC(0) Survivor regions: 0->4(4)
[2025-01-10T11:34:11.470+0100][gc,heap      ] GC(0) Old regions: 2->6
[2025-01-10T11:34:11.470+0100][gc,heap      ] GC(0) Humongous regions: 0->0
[2025-01-10T11:34:11.471+0100][gc,metaspace ] GC(0) Metaspace: 6845K(7424K)->6845K(7424K) NonClass: 6074K(6400K)->6074K(6400K) Class: 770K(1024K)->770K(1024K)
[2025-01-10T11:34:11.471+0100][gc           ] GC(0) Pause Young (Normal) (G1 Evacuation Pause) 25M->8M(512M) 43.720ms
[2025-01-10T11:34:11.472+0100][gc,cpu       ] GC(0) User=0.12s Sys=0.14s Real=0.05s
[2025-01-10T11:34:11.703+0100][gc,heap,exit ] Heap
[2025-01-10T11:34:11.705+0100][gc,heap,exit ]  garbage-first heap   total 524288K, used 10663K [0x00000000e0000000, 0x0000000100000000)
[2025-01-10T11:34:11.706+0100][gc,heap,exit ]   region size 1024K, 7 young (7168K), 4 survivors (4096K)
[2025-01-10T11:34:11.708+0100][gc,heap,exit ]  Metaspace       used 7421K, capacity 7767K, committed 7936K, reserved 1056768K
[2025-01-10T11:34:11.712+0100][gc,heap,exit ]   class space    used 833K, capacity 960K, committed 1024K, reserved 1048576K
