[2025-01-15T22:38:41.466+0100][gc,heap] Heap region size: 1M
[2025-01-15T22:38:41.489+0100][gc     ] Using G1
[2025-01-15T22:38:41.490+0100][gc,heap,coops] Heap address: 0x00000000e0000000, size: 512 MB, Compressed Oops mode: 32-bit
[2025-01-15T22:38:41.491+0100][gc,cds       ] Mark closed archive regions in map: [0x00000000fff00000, 0x00000000fff6bff8]
[2025-01-15T22:38:41.491+0100][gc,cds       ] Mark open archive regions in map: [0x00000000ffe00000, 0x00000000ffe47ff8]
[2025-01-15T22:38:48.280+0100][gc,start     ] GC(0) Pause Young (Normal) (G1 Evacuation Pause)
[2025-01-15T22:38:48.298+0100][gc,task      ] GC(0) Using 8 workers of 8 for evacuation
[2025-01-15T22:38:48.402+0100][gc,mmu       ] GC(0) MMU target violated: 21.0ms (20.0ms/21.0ms)
[2025-01-15T22:38:48.403+0100][gc,phases    ] GC(0)   Pre Evacuate Collection Set: 2.7ms
[2025-01-15T22:38:48.404+0100][gc,phases    ] GC(0)   Evacuate Collection Set: 93.8ms
[2025-01-15T22:38:48.404+0100][gc,phases    ] GC(0)   Post Evacuate Collection Set: 1.1ms
[2025-01-15T22:38:48.405+0100][gc,phases    ] GC(0)   Other: 25.6ms
[2025-01-15T22:38:48.405+0100][gc,heap      ] GC(0) Eden regions: 25->0(21)
[2025-01-15T22:38:48.406+0100][gc,heap      ] GC(0) Survivor regions: 0->4(4)
[2025-01-15T22:38:48.407+0100][gc,heap      ] GC(0) Old regions: 2->6
[2025-01-15T22:38:48.409+0100][gc,heap      ] GC(0) Humongous regions: 0->0
[2025-01-15T22:38:48.410+0100][gc,metaspace ] GC(0) Metaspace: 6832K(7424K)->6832K(7424K) NonClass: 6061K(6400K)->6061K(6400K) Class: 771K(1024K)->771K(1024K)
[2025-01-15T22:38:48.411+0100][gc           ] GC(0) Pause Young (Normal) (G1 Evacuation Pause) 25M->8M(512M) 130.893ms
[2025-01-15T22:38:48.412+0100][gc,cpu       ] GC(0) User=0.38s Sys=0.35s Real=0.14s
[2025-01-15T22:46:42.743+0100][gc,heap,exit ] Heap
[2025-01-15T22:46:42.744+0100][gc,heap,exit ]  garbage-first heap   total 524288K, used 23087K [0x00000000e0000000, 0x0000000100000000)
[2025-01-15T22:46:42.745+0100][gc,heap,exit ]   region size 1024K, 19 young (19456K), 4 survivors (4096K)
[2025-01-15T22:46:42.746+0100][gc,heap,exit ]  Metaspace       used 8972K, capacity 9341K, committed 9472K, reserved 1056768K
[2025-01-15T22:46:42.747+0100][gc,heap,exit ]   class space    used 999K, capacity 1165K, committed 1280K, reserved 1048576K
