[2025-01-15T22:36:14.853+0100][gc,heap] Heap region size: 1M
[2025-01-15T22:36:14.870+0100][gc     ] Using G1
[2025-01-15T22:36:14.870+0100][gc,heap,coops] Heap address: 0x00000000e0000000, size: 512 MB, Compressed Oops mode: 32-bit
[2025-01-15T22:36:14.871+0100][gc,cds       ] Mark closed archive regions in map: [0x00000000fff00000, 0x00000000fff6bff8]
[2025-01-15T22:36:14.871+0100][gc,cds       ] Mark open archive regions in map: [0x00000000ffe00000, 0x00000000ffe47ff8]
[2025-01-15T22:36:23.157+0100][gc,start     ] GC(0) Pause Young (Normal) (G1 Evacuation Pause)
[2025-01-15T22:36:23.160+0100][gc,task      ] GC(0) Using 8 workers of 8 for evacuation
[2025-01-15T22:36:23.226+0100][gc,mmu       ] GC(0) MMU target violated: 21.0ms (20.0ms/21.0ms)
[2025-01-15T22:36:23.227+0100][gc,phases    ] GC(0)   Pre Evacuate Collection Set: 0.2ms
[2025-01-15T22:36:23.227+0100][gc,phases    ] GC(0)   Evacuate Collection Set: 58.3ms
[2025-01-15T22:36:23.227+0100][gc,phases    ] GC(0)   Post Evacuate Collection Set: 1.1ms
[2025-01-15T22:36:23.228+0100][gc,phases    ] GC(0)   Other: 9.6ms
[2025-01-15T22:36:23.228+0100][gc,heap      ] GC(0) Eden regions: 25->0(21)
[2025-01-15T22:36:23.229+0100][gc,heap      ] GC(0) Survivor regions: 0->4(4)
[2025-01-15T22:36:23.230+0100][gc,heap      ] GC(0) Old regions: 2->6
[2025-01-15T22:36:23.230+0100][gc,heap      ] GC(0) Humongous regions: 0->0
[2025-01-15T22:36:23.231+0100][gc,metaspace ] GC(0) Metaspace: 6856K(7424K)->6856K(7424K) NonClass: 6084K(6400K)->6084K(6400K) Class: 772K(1024K)->772K(1024K)
[2025-01-15T22:36:23.231+0100][gc           ] GC(0) Pause Young (Normal) (G1 Evacuation Pause) 25M->8M(512M) 74.085ms
[2025-01-15T22:36:23.232+0100][gc,cpu       ] GC(0) User=0.20s Sys=0.23s Real=0.08s
[2025-01-15T22:37:01.597+0100][gc,heap,exit ] Heap
[2025-01-15T22:37:01.620+0100][gc,heap,exit ]  garbage-first heap   total 524288K, used 23865K [0x00000000e0000000, 0x0000000100000000)
[2025-01-15T22:37:01.630+0100][gc,heap,exit ]   region size 1024K, 20 young (20480K), 4 survivors (4096K)
[2025-01-15T22:37:01.631+0100][gc,heap,exit ]  Metaspace       used 9062K, capacity 9469K, committed 9728K, reserved 1058816K
[2025-01-15T22:37:01.677+0100][gc,heap,exit ]   class space    used 1001K, capacity 1165K, committed 1280K, reserved 1048576K
