[2025-01-10T11:30:50.369+0100][gc,heap] Heap region size: 1M
[2025-01-10T11:30:50.377+0100][gc     ] Using G1
[2025-01-10T11:30:50.377+0100][gc,heap,coops] Heap address: 0x00000000e0000000, size: 512 MB, Compressed Oops mode: 32-bit
[2025-01-10T11:30:50.378+0100][gc,cds       ] Mark closed archive regions in map: [0x00000000fff00000, 0x00000000fff6bff8]
[2025-01-10T11:30:50.378+0100][gc,cds       ] Mark open archive regions in map: [0x00000000ffe00000, 0x00000000ffe47ff8]
[2025-01-10T11:30:54.501+0100][gc,start     ] GC(0) Pause Young (Normal) (G1 Evacuation Pause)
[2025-01-10T11:30:54.504+0100][gc,task      ] GC(0) Using 8 workers of 8 for evacuation
[2025-01-10T11:30:54.536+0100][gc,mmu       ] GC(0) MMU target violated: 21.0ms (20.0ms/21.0ms)
[2025-01-10T11:30:54.536+0100][gc,phases    ] GC(0)   Pre Evacuate Collection Set: 0.2ms
[2025-01-10T11:30:54.537+0100][gc,phases    ] GC(0)   Evacuate Collection Set: 28.1ms
[2025-01-10T11:30:54.538+0100][gc,phases    ] GC(0)   Post Evacuate Collection Set: 1.7ms
[2025-01-10T11:30:54.538+0100][gc,phases    ] GC(0)   Other: 5.6ms
[2025-01-10T11:30:54.539+0100][gc,heap      ] GC(0) Eden regions: 25->0(21)
[2025-01-10T11:30:54.539+0100][gc,heap      ] GC(0) Survivor regions: 0->4(4)
[2025-01-10T11:30:54.540+0100][gc,heap      ] GC(0) Old regions: 2->6
[2025-01-10T11:30:54.541+0100][gc,heap      ] GC(0) Humongous regions: 0->0
[2025-01-10T11:30:54.542+0100][gc,metaspace ] GC(0) Metaspace: 6839K(7424K)->6839K(7424K) NonClass: 6068K(6400K)->6068K(6400K) Class: 771K(1024K)->771K(1024K)
[2025-01-10T11:30:54.543+0100][gc           ] GC(0) Pause Young (Normal) (G1 Evacuation Pause) 25M->8M(512M) 41.651ms
[2025-01-10T11:30:54.544+0100][gc,cpu       ] GC(0) User=0.12s Sys=0.09s Real=0.04s
[2025-01-10T20:22:29.875+0100][gc,start     ] GC(1) Pause Young (Normal) (G1 Evacuation Pause)
[2025-01-10T20:22:29.885+0100][gc,task      ] GC(1) Using 8 workers of 8 for evacuation
[2025-01-10T20:22:30.128+0100][gc,mmu       ] GC(1) MMU target violated: 21.0ms (20.0ms/21.0ms)
[2025-01-10T20:22:30.132+0100][gc,phases    ] GC(1)   Pre Evacuate Collection Set: 19.2ms
[2025-01-10T20:22:30.135+0100][gc,phases    ] GC(1)   Evacuate Collection Set: 196.2ms
[2025-01-10T20:22:30.136+0100][gc,phases    ] GC(1)   Post Evacuate Collection Set: 9.7ms
[2025-01-10T20:22:30.138+0100][gc,phases    ] GC(1)   Other: 39.8ms
[2025-01-10T20:22:30.141+0100][gc,heap      ] GC(1) Eden regions: 21->0(24)
[2025-01-10T20:22:30.143+0100][gc,heap      ] GC(1) Survivor regions: 4->1(4)
[2025-01-10T20:22:30.144+0100][gc,heap      ] GC(1) Old regions: 6->10
[2025-01-10T20:22:30.146+0100][gc,heap      ] GC(1) Humongous regions: 0->0
[2025-01-10T20:22:30.149+0100][gc,metaspace ] GC(1) Metaspace: 9446K(9984K)->9446K(9984K) NonClass: 8444K(8704K)->8444K(8704K) Class: 1001K(1280K)->1001K(1280K)
[2025-01-10T20:22:30.155+0100][gc           ] GC(1) Pause Young (Normal) (G1 Evacuation Pause) 29M->9M(512M) 279.391ms
[2025-01-10T20:22:30.158+0100][gc,cpu       ] GC(1) User=1.55s Sys=0.00s Real=0.28s
[2025-01-11T15:09:54.199+0100][gc,heap,exit ] Heap
[2025-01-11T15:09:54.208+0100][gc,heap,exit ]  garbage-first heap   total 524288K, used 26861K [0x00000000e0000000, 0x0000000100000000)
[2025-01-11T15:09:54.214+0100][gc,heap,exit ]   region size 1024K, 19 young (19456K), 1 survivors (1024K)
[2025-01-11T15:09:54.216+0100][gc,heap,exit ]  Metaspace       used 9453K, capacity 9853K, committed 9984K, reserved 1058816K
[2025-01-11T15:09:54.218+0100][gc,heap,exit ]   class space    used 1002K, capacity 1165K, committed 1280K, reserved 1048576K
