[2025-01-15T22:46:48.374+0100][gc,heap] Heap region size: 1M
[2025-01-15T22:46:48.423+0100][gc     ] Using G1
[2025-01-15T22:46:48.424+0100][gc,heap,coops] Heap address: 0x00000000e0000000, size: 512 MB, Compressed Oops mode: 32-bit
[2025-01-15T22:46:48.429+0100][gc,cds       ] Mark closed archive regions in map: [0x00000000fff00000, 0x00000000fff6bff8]
[2025-01-15T22:46:48.434+0100][gc,cds       ] Mark open archive regions in map: [0x00000000ffe00000, 0x00000000ffe47ff8]
[2025-01-15T22:46:55.230+0100][gc,start     ] GC(0) Pause Young (Normal) (G1 Evacuation Pause)
[2025-01-15T22:46:55.239+0100][gc,task      ] GC(0) Using 8 workers of 8 for evacuation
[2025-01-15T22:46:55.329+0100][gc,mmu       ] GC(0) MMU target violated: 21.0ms (20.0ms/21.0ms)
[2025-01-15T22:46:55.331+0100][gc,phases    ] GC(0)   Pre Evacuate Collection Set: 0.7ms
[2025-01-15T22:46:55.332+0100][gc,phases    ] GC(0)   Evacuate Collection Set: 72.5ms
[2025-01-15T22:46:55.336+0100][gc,phases    ] GC(0)   Post Evacuate Collection Set: 8.9ms
[2025-01-15T22:46:55.338+0100][gc,phases    ] GC(0)   Other: 19.1ms
[2025-01-15T22:46:55.339+0100][gc,heap      ] GC(0) Eden regions: 25->0(21)
[2025-01-15T22:46:55.346+0100][gc,heap      ] GC(0) Survivor regions: 0->4(4)
[2025-01-15T22:46:55.347+0100][gc,heap      ] GC(0) Old regions: 2->6
[2025-01-15T22:46:55.348+0100][gc,heap      ] GC(0) Humongous regions: 0->0
[2025-01-15T22:46:55.349+0100][gc,metaspace ] GC(0) Metaspace: 6842K(7424K)->6842K(7424K) NonClass: 6071K(6400K)->6071K(6400K) Class: 771K(1024K)->771K(1024K)
[2025-01-15T22:46:55.350+0100][gc           ] GC(0) Pause Young (Normal) (G1 Evacuation Pause) 25M->8M(512M) 119.355ms
[2025-01-15T22:46:55.351+0100][gc,cpu       ] GC(0) User=0.25s Sys=0.32s Real=0.12s
[2025-01-15T23:48:56.243+0100][gc,heap,exit ] Heap
[2025-01-15T23:48:56.249+0100][gc,heap,exit ]  garbage-first heap   total 524288K, used 26968K [0x00000000e0000000, 0x0000000100000000)
[2025-01-15T23:48:56.250+0100][gc,heap,exit ]   region size 1024K, 23 young (23552K), 4 survivors (4096K)
[2025-01-15T23:48:56.251+0100][gc,heap,exit ]  Metaspace       used 9439K, capacity 9853K, committed 9984K, reserved 1058816K
[2025-01-15T23:48:56.252+0100][gc,heap,exit ]   class space    used 1003K, capacity 1165K, committed 1280K, reserved 1048576K
